stm32f7xx_hal_adc.c:321:19:HAL_ADC_Init	24	static
stm32f7xx_hal_adc.c:415:19:HAL_ADC_DeInit	24	static
stm32f7xx_hal_adc.c:472:13:HAL_ADC_MspInit	16	static
stm32f7xx_hal_adc.c:487:13:HAL_ADC_MspDeInit	16	static
stm32f7xx_hal_adc.c:729:19:HAL_ADC_Start	24	static
stm32f7xx_hal_adc.c:842:19:HAL_ADC_Stop	16	static
stm32f7xx_hal_adc.c:885:19:HAL_ADC_PollForConversion	24	static
stm32f7xx_hal_adc.c:970:19:HAL_ADC_PollForEvent	32	static
stm32f7xx_hal_adc.c:1032:19:HAL_ADC_Start_IT	24	static
stm32f7xx_hal_adc.c:1147:19:HAL_ADC_Stop_IT	16	static
stm32f7xx_hal_adc.c:1184:6:HAL_ADC_IRQHandler	24	static
stm32f7xx_hal_adc.c:1346:19:HAL_ADC_Start_DMA	32	static
stm32f7xx_hal_adc.c:1476:19:HAL_ADC_Stop_DMA	24	static
stm32f7xx_hal_adc.c:1522:10:HAL_ADC_GetValue	16	static
stm32f7xx_hal_adc.c:1534:13:HAL_ADC_ConvCpltCallback	16	static
stm32f7xx_hal_adc.c:1549:13:HAL_ADC_ConvHalfCpltCallback	16	static
stm32f7xx_hal_adc.c:1564:13:HAL_ADC_LevelOutOfWindowCallback	16	static
stm32f7xx_hal_adc.c:1585:13:HAL_ADC_ErrorCallback	16	static
stm32f7xx_hal_adc.c:1623:19:HAL_ADC_ConfigChannel	24	static
stm32f7xx_hal_adc.c:1737:19:HAL_ADC_AnalogWDGConfig	16	static
stm32f7xx_hal_adc.c:1819:10:HAL_ADC_GetState	16	static
stm32f7xx_hal_adc.c:1831:10:HAL_ADC_GetError	16	static
stm32f7xx_hal_adc.c:1857:13:ADC_Init	16	static
stm32f7xx_hal_adc.c:1938:13:ADC_DMAConvCplt	24	static
stm32f7xx_hal_adc.c:2007:13:ADC_DMAHalfConvCplt	24	static
stm32f7xx_hal_adc.c:2024:13:ADC_DMAError	24	static
