Archive member included to satisfy reference by file (symbol)

c:/program files (x86)/atollic/truestudio for stm32 9.0.1/armtools/bin/../lib/gcc/arm-atollic-eabi/6.3.1/../../../../arm-atollic-eabi/lib/armv7e-m/fpu/fpv5-d16\libc_nano.a(lib_a-init.o)
                              startup\startup_stm32f767xx.o (__libc_init_array)
c:/program files (x86)/atollic/truestudio for stm32 9.0.1/armtools/bin/../lib/gcc/arm-atollic-eabi/6.3.1/../../../../arm-atollic-eabi/lib/armv7e-m/fpu/fpv5-d16\libc_nano.a(lib_a-memset.o)
                              Core\Src\main.o (memset)
c:/program files (x86)/atollic/truestudio for stm32 9.0.1/armtools/bin/../lib/gcc/arm-atollic-eabi/6.3.1/../../../../arm-atollic-eabi/lib/armv7e-m/fpu/fpv5-d16\libc_nano.a(lib_a-sprintf.o)
                              Core\Src\main.o (sprintf)
c:/program files (x86)/atollic/truestudio for stm32 9.0.1/armtools/bin/../lib/gcc/arm-atollic-eabi/6.3.1/../../../../arm-atollic-eabi/lib/armv7e-m/fpu/fpv5-d16\libc_nano.a(lib_a-impure.o)
                              c:/program files (x86)/atollic/truestudio for stm32 9.0.1/armtools/bin/../lib/gcc/arm-atollic-eabi/6.3.1/../../../../arm-atollic-eabi/lib/armv7e-m/fpu/fpv5-d16\libc_nano.a(lib_a-sprintf.o) (_impure_ptr)
c:/program files (x86)/atollic/truestudio for stm32 9.0.1/armtools/bin/../lib/gcc/arm-atollic-eabi/6.3.1/../../../../arm-atollic-eabi/lib/armv7e-m/fpu/fpv5-d16\libc_nano.a(lib_a-nano-svfprintf.o)
                              c:/program files (x86)/atollic/truestudio for stm32 9.0.1/armtools/bin/../lib/gcc/arm-atollic-eabi/6.3.1/../../../../arm-atollic-eabi/lib/armv7e-m/fpu/fpv5-d16\libc_nano.a(lib_a-sprintf.o) (_svfprintf_r)
c:/program files (x86)/atollic/truestudio for stm32 9.0.1/armtools/bin/../lib/gcc/arm-atollic-eabi/6.3.1/../../../../arm-atollic-eabi/lib/armv7e-m/fpu/fpv5-d16\libc_nano.a(lib_a-nano-vfprintf_i.o)
                              c:/program files (x86)/atollic/truestudio for stm32 9.0.1/armtools/bin/../lib/gcc/arm-atollic-eabi/6.3.1/../../../../arm-atollic-eabi/lib/armv7e-m/fpu/fpv5-d16\libc_nano.a(lib_a-nano-svfprintf.o) (_printf_i)
c:/program files (x86)/atollic/truestudio for stm32 9.0.1/armtools/bin/../lib/gcc/arm-atollic-eabi/6.3.1/../../../../arm-atollic-eabi/lib/armv7e-m/fpu/fpv5-d16\libc_nano.a(lib_a-memchr.o)
                              c:/program files (x86)/atollic/truestudio for stm32 9.0.1/armtools/bin/../lib/gcc/arm-atollic-eabi/6.3.1/../../../../arm-atollic-eabi/lib/armv7e-m/fpu/fpv5-d16\libc_nano.a(lib_a-nano-svfprintf.o) (memchr)
c:/program files (x86)/atollic/truestudio for stm32 9.0.1/armtools/bin/../lib/gcc/arm-atollic-eabi/6.3.1/../../../../arm-atollic-eabi/lib/armv7e-m/fpu/fpv5-d16\libc_nano.a(lib_a-memcpy-stub.o)
                              c:/program files (x86)/atollic/truestudio for stm32 9.0.1/armtools/bin/../lib/gcc/arm-atollic-eabi/6.3.1/../../../../arm-atollic-eabi/lib/armv7e-m/fpu/fpv5-d16\libc_nano.a(lib_a-nano-svfprintf.o) (memcpy)
c:/program files (x86)/atollic/truestudio for stm32 9.0.1/armtools/bin/../lib/gcc/arm-atollic-eabi/6.3.1/../../../../arm-atollic-eabi/lib/armv7e-m/fpu/fpv5-d16\libc_nano.a(lib_a-memmove.o)
                              c:/program files (x86)/atollic/truestudio for stm32 9.0.1/armtools/bin/../lib/gcc/arm-atollic-eabi/6.3.1/../../../../arm-atollic-eabi/lib/armv7e-m/fpu/fpv5-d16\libc_nano.a(lib_a-nano-svfprintf.o) (memmove)
c:/program files (x86)/atollic/truestudio for stm32 9.0.1/armtools/bin/../lib/gcc/arm-atollic-eabi/6.3.1/../../../../arm-atollic-eabi/lib/armv7e-m/fpu/fpv5-d16\libc_nano.a(lib_a-nano-freer.o)
                              c:/program files (x86)/atollic/truestudio for stm32 9.0.1/armtools/bin/../lib/gcc/arm-atollic-eabi/6.3.1/../../../../arm-atollic-eabi/lib/armv7e-m/fpu/fpv5-d16\libc_nano.a(lib_a-nano-svfprintf.o) (_free_r)
c:/program files (x86)/atollic/truestudio for stm32 9.0.1/armtools/bin/../lib/gcc/arm-atollic-eabi/6.3.1/../../../../arm-atollic-eabi/lib/armv7e-m/fpu/fpv5-d16\libc_nano.a(lib_a-nano-mallocr.o)
                              c:/program files (x86)/atollic/truestudio for stm32 9.0.1/armtools/bin/../lib/gcc/arm-atollic-eabi/6.3.1/../../../../arm-atollic-eabi/lib/armv7e-m/fpu/fpv5-d16\libc_nano.a(lib_a-nano-svfprintf.o) (_malloc_r)
c:/program files (x86)/atollic/truestudio for stm32 9.0.1/armtools/bin/../lib/gcc/arm-atollic-eabi/6.3.1/../../../../arm-atollic-eabi/lib/armv7e-m/fpu/fpv5-d16\libc_nano.a(lib_a-nano-reallocr.o)
                              c:/program files (x86)/atollic/truestudio for stm32 9.0.1/armtools/bin/../lib/gcc/arm-atollic-eabi/6.3.1/../../../../arm-atollic-eabi/lib/armv7e-m/fpu/fpv5-d16\libc_nano.a(lib_a-nano-svfprintf.o) (_realloc_r)
c:/program files (x86)/atollic/truestudio for stm32 9.0.1/armtools/bin/../lib/gcc/arm-atollic-eabi/6.3.1/../../../../arm-atollic-eabi/lib/armv7e-m/fpu/fpv5-d16\libc_nano.a(lib_a-sbrkr.o)
[...]
Memory Configuration

Name             Origin             Length             Attributes
RAM              0x20000000         0x00080000         xrw
FLASH            0x08000000         0x00200000         xr
*default*        0x00000000         0xffffffff

Linker script and memory map

LOAD c:/program files (x86)/atollic/truestudio for stm32 9.0.1/armtools/bin/../lib/gcc/arm-atollic-eabi/6.3.1/armv7e-m/fpu/fpv5-d16/crti.o
LOAD c:/program files (x86)/atollic/truestudio for stm32 9.0.1/armtools/bin/../lib/gcc/arm-atollic-eabi/6.3.1/armv7e-m/fpu/fpv5-d16/crtbegin.o
LOAD Core\Src\main.o
LOAD Core\Src\stm32f7xx_hal_msp.o
LOAD Core\Src\stm32f7xx_it.o
LOAD Core\Src\system_stm32f7xx.o
LOAD Drivers\STM32F7xx_HAL_Driver\Src\stm32f7xx_hal.o
LOAD Drivers\STM32F7xx_HAL_Driver\Src\stm32f7xx_hal_cortex.o
LOAD Drivers\STM32F7xx_HAL_Driver\Src\stm32f7xx_hal_dma.o
LOAD Drivers\STM32F7xx_HAL_Driver\Src\stm32f7xx_hal_dma_ex.o
LOAD Drivers\STM32F7xx_HAL_Driver\Src\stm32f7xx_hal_flash.o
LOAD Drivers\STM32F7xx_HAL_Driver\Src\stm32f7xx_hal_flash_ex.o
LOAD Drivers\STM32F7xx_HAL_Driver\Src\stm32f7xx_hal_gpio.o
LOAD Drivers\STM32F7xx_HAL_Driver\Src\stm32f7xx_hal_i2c.o
LOAD Drivers\STM32F7xx_HAL_Driver\Src\stm32f7xx_hal_i2c_ex.o
LOAD Drivers\STM32F7xx_HAL_Driver\Src\stm32f7xx_hal_pwr.o
LOAD Drivers\STM32F7xx_HAL_Driver\Src\stm32f7xx_hal_pwr_ex.o
LOAD Drivers\STM32F7xx_HAL_Driver\Src\stm32f7xx_hal_rcc.o
LOAD Drivers\STM32F7xx_HAL_Driver\Src\stm32f7xx_hal_rcc_ex.o
LOAD Drivers\STM32F7xx_HAL_Driver\Src\stm32f7xx_hal_tim.o
LOAD Drivers\STM32F7xx_HAL_Driver\Src\stm32f7xx_hal_tim_ex.o
LOAD Drivers\STM32F7xx_HAL_Driver\Src\stm32f7xx_hal_uart.o
LOAD startup\startup_stm32f767xx.o
                0x00000080                malloc_getpagesize_P = 0x80
START GROUP
LOAD c:/program files (x86)/atollic/truestudio for stm32 9.0.1/armtools/bin/../lib/gcc/arm-atollic-eabi/6.3.1/../../../../arm-atollic-eabi/lib/armv7e-m/fpu/fpv5-d16\libc_nano.a
LOAD c:/program files (x86)/atollic/truestudio for stm32 9.0.1/armtools/bin/../lib/gcc/arm-atollic-eabi/6.3.1/../../../../arm-atollic-eabi/lib/armv7e-m/fpu/fpv5-d16\libm.a
END GROUP
START GROUP
LOAD c:/program files (x86)/atollic/truestudio for stm32 9.0.1/armtools/bin/../lib/gcc/arm-atollic-eabi/6.3.1/armv7e-m/fpu/fpv5-d16\libgcc.a
LOAD c:/program files (x86)/atollic/truestudio for stm32 9.0.1/armtools/bin/../lib/gcc/arm-atollic-eabi/6.3.1/../../../../arm-atollic-eabi/lib/armv7e-m/fpu/fpv5-d16\libc_nano.a
END GROUP
START GROUP
LOAD c:/program files (x86)/atollic/truestudio for stm32 9.0.1/armtools/bin/../lib/gcc/arm-atollic-eabi/6.3.1/armv7e-m/fpu/fpv5-d16\libgcc.a
LOAD c:/program files (x86)/atollic/truestudio for stm32 9.0.1/armtools/bin/../lib/gcc/arm-atollic-eabi/6.3.1/../../../../arm-atollic-eabi/lib/armv7e-m/fpu/fpv5-d16\libc_nano.a
LOAD c:/program files (x86)/atollic/truestudio for stm32 9.0.1/armtools/bin/../lib/gcc/arm-atollic-eabi/6.3.1/../../../../arm-atollic-eabi/lib/armv7e-m/fpu/fpv5-d16\libnosys.a
END GROUP
START GROUP
LOAD c:/program files (x86)/atollic/truestudio for stm32 9.0.1/armtools/bin/../lib/gcc/arm-atollic-eabi/6.3.1/armv7e-m/fpu/fpv5-d16\libgcc.a
LOAD c:/program files (x86)/atollic/truestudio for stm32 9.0.1/armtools/bin/../lib/gcc/arm-atollic-eabi/6.3.1/../../../../arm-atollic-eabi/lib/armv7e-m/fpu/fpv5-d16\libc_nano.a
LOAD c:/program files (x86)/atollic/truestudio for stm32 9.0.1/armtools/bin/../lib/gcc/arm-atollic-eabi/6.3.1/../../../../arm-atollic-eabi/lib/armv7e-m/fpu/fpv5-d16\libnosys.a
END GROUP
LOAD c:/program files (x86)/atollic/truestudio for stm32 9.0.1/armtools/bin/../lib/gcc/arm-atollic-eabi/6.3.1/armv7e-m/fpu/fpv5-d16/crtend.o
LOAD c:/program files (x86)/atollic/truestudio for stm32 9.0.1/armtools/bin/../lib/gcc/arm-atollic-eabi/6.3.1/armv7e-m/fpu/fpv5-d16/crtn.o
                0x20080000                _estack = 0x20080000
                0x00000200                _Min_Heap_Size = 0x200
                0x00000400                _Min_Stack_Size = 0x400

.isr_vector     0x08000000      0x1f8
                0x08000000                . = ALIGN (0x4)
 *(.isr_vector)
 .isr_vector    0x08000000      0x1f8 startup\startup_stm32f767xx.o
                0x08000000                g_pfnVectors
                0x080001f8                . = ALIGN (0x4)

.text           0x08000200     0x3a8c
                0x08000200                . = ALIGN (0x4)
 *(.text)
 .text          0x08000200       0x40 c:/program files (x86)/atollic/truestudio for stm32 9.0.1/armtools/bin/../lib/gcc/arm-atollic-eabi/6.3.1/armv7e-m/fpu/fpv5-d16/crtbegin.o
 .text          0x08000240       0xa0 c:/program files (x86)/atollic/truestudio for stm32 9.0.1/armtools/bin/../lib/gcc/arm-atollic-eabi/6.3.1/../../../../arm-atollic-eabi/lib/armv7e-m/fpu/fpv5-d16\libc_nano.a(lib_a-memchr.o)
                0x08000240                memchr
 .text          0x080002e0       0x30 c:/program files (x86)/atollic/truestudio for stm32 9.0.1/armtools/bin/../lib/gcc/arm-atollic-eabi/6.3.1/armv7e-m/fpu/fpv5-d16\libgcc.a(_aeabi_uldivmod.o)
                0x080002e0                __aeabi_uldivmod
 .text          0x08000310      0x2dc c:/program files (x86)/atollic/truestudio for stm32 9.0.1/armtools/bin/../lib/gcc/arm-atollic-eabi/6.3.1/armv7e-m/fpu/fpv5-d16\libgcc.a(_udivmoddi4.o)
                0x08000310                __udivmoddi4
 .text          0x080005ec        0x4 c:/program files (x86)/atollic/truestudio for stm32 9.0.1/armtools/bin/../lib/gcc/arm-atollic-eabi/6.3.1/armv7e-m/fpu/fpv5-d16\libgcc.a(_dvmd_tls.o)
                0x080005ec                __aeabi_idiv0
                0x080005ec                __aeabi_ldiv0
 *(.text*)
 .text.set_gpio_mode
                0x080005f0       0x6c Core\Src\main.o
                0x080005f0                set_gpio_mode
 .text.readDHT11
                0x0800065c      0x2a4 Core\Src\main.o
                0x0800065c                readDHT11
 .text.main     0x08000900       0xac Core\Src\main.o
                0x08000900                main
 .text.SystemClock_Config
                0x080009ac      0x124 Core\Src\main.o
                0x080009ac                SystemClock_Config
 .text.MX_TIM6_Init
                0x08000ad0       0x6c Core\Src\main.o
 .text.MX_USART3_UART_Init
                0x08000b3c       0x60 Core\Src\main.o
 .text.MX_GPIO_Init
                0x08000b9c      0x208 Core\Src\main.o
 .text.Error_Handler
                0x08000da4        0xe Core\Src\main.o
                0x08000da4                Error_Handler
 *fill*         0x08000db2        0x2 
 .text.HAL_MspInit
                0x08000db4       0x48 Core\Src\stm32f7xx_hal_msp.o
                0x08000db4                HAL_MspInit
 .text.HAL_TIM_Base_MspInit
                0x08000dfc       0x40 Core\Src\stm32f7xx_hal_msp.o
                0x08000dfc                HAL_TIM_Base_MspInit
 .text.HAL_UART_MspInit
                0x08000e3c       0x88 Core\Src\stm32f7xx_hal_msp.o
                0x08000e3c                HAL_UART_MspInit
 .text.NMI_Handler
                0x08000ec4        0xe Core\Src\stm32f7xx_it.o
                0x08000ec4                NMI_Handler
 .text.HardFault_Handler
                0x08000ed2        0x6 Core\Src\stm32f7xx_it.o
                0x08000ed2                HardFault_Handler
 .text.MemManage_Handler
                0x08000ed8        0x6 Core\Src\stm32f7xx_it.o
                0x08000ed8                MemManage_Handler
 .text.BusFault_Handler
                0x08000ede        0x6 Core\Src\stm32f7xx_it.o
                0x08000ede                BusFault_Handler
 .text.UsageFault_Handler
                0x08000ee4        0x6 Core\Src\stm32f7xx_it.o
                0x08000ee4                UsageFault_Handler
 .text.SVC_Handler
                0x08000eea        0xe Core\Src\stm32f7xx_it.o
                0x08000eea                SVC_Handler
 .text.DebugMon_Handler
                0x08000ef8        0xe Core\Src\stm32f7xx_it.o
                0x08000ef8                DebugMon_Handler
 .text.PendSV_Handler
                0x08000f06        0xe Core\Src\stm32f7xx_it.o
                0x08000f06                PendSV_Handler
 .text.SysTick_Handler
                0x08000f14        0xc Core\Src\stm32f7xx_it.o
                0x08000f14                SysTick_Handler
 .text.SystemInit
                0x08000f20       0x6c Core\Src\system_stm32f7xx.o
                0x08000f20                SystemInit
 .text.HAL_Init
                0x08000f8c       0x1a Drivers\STM32F7xx_HAL_Driver\Src\stm32f7xx_hal.o
                0x08000f8c                HAL_Init
 *fill*         0x08000fa6        0x2 
 .text.HAL_InitTick
                0x08000fa8       0x60 Drivers\STM32F7xx_HAL_Driver\Src\stm32f7xx_hal.o
                0x08000fa8                HAL_InitTick
 .text.HAL_IncTick
                0x08001008       0x28 Drivers\STM32F7xx_HAL_Driver\Src\stm32f7xx_hal.o
                0x08001008                HAL_IncTick
 .text.HAL_GetTick
                0x08001030       0x18 Drivers\STM32F7xx_HAL_Driver\Src\stm32f7xx_hal.o
                0x08001030                HAL_GetTick
 .text.HAL_Delay
                0x08001048       0x44 Drivers\STM32F7xx_HAL_Driver\Src\stm32f7xx_hal.o
                0x08001048                HAL_Delay
 .text.NVIC_SetPriorityGrouping
                0x0800108c       0x48 Drivers\STM32F7xx_HAL_Driver\Src\stm32f7xx_hal_cortex.o
 .text.NVIC_GetPriorityGrouping
                0x080010d4       0x1c Drivers\STM32F7xx_HAL_Driver\Src\stm32f7xx_hal_cortex.o
 .text.NVIC_SetPriority
                0x080010f0       0x54 Drivers\STM32F7xx_HAL_Driver\Src\stm32f7xx_hal_cortex.o
 .text.NVIC_EncodePriority
                0x08001144       0x62 Drivers\STM32F7xx_HAL_Driver\Src\stm32f7xx_hal_cortex.o
 *fill*         0x080011a6        0x2 
 .text.SysTick_Config
                0x080011a8       0x44 Drivers\STM32F7xx_HAL_Driver\Src\stm32f7xx_hal_cortex.o
 .text.HAL_NVIC_SetPriorityGrouping
                0x080011ec       0x16 Drivers\STM32F7xx_HAL_Driver\Src\stm32f7xx_hal_cortex.o
                0x080011ec                HAL_NVIC_SetPriorityGrouping
 .text.HAL_NVIC_SetPriority
                0x08001202       0x38 Drivers\STM32F7xx_HAL_Driver\Src\stm32f7xx_hal_cortex.o
                0x08001202                HAL_NVIC_SetPriority
 .text.HAL_SYSTICK_Config
                0x0800123a       0x18 Drivers\STM32F7xx_HAL_Driver\Src\stm32f7xx_hal_cortex.o
                0x0800123a                HAL_SYSTICK_Config
 *fill*         0x08001252        0x2 
 .text.HAL_GPIO_Init
                0x08001254      0x354 Drivers\STM32F7xx_HAL_Driver\Src\stm32f7xx_hal_gpio.o
                0x08001254                HAL_GPIO_Init
 .text.HAL_GPIO_ReadPin
                0x080015a8       0x30 Drivers\STM32F7xx_HAL_Driver\Src\stm32f7xx_hal_gpio.o
                0x080015a8                HAL_GPIO_ReadPin
 .text.HAL_GPIO_WritePin
                0x080015d8       0x32 Drivers\STM32F7xx_HAL_Driver\Src\stm32f7xx_hal_gpio.o
                0x080015d8                HAL_GPIO_WritePin
 .text.HAL_GPIO_TogglePin
                0x0800160a       0x24 Drivers\STM32F7xx_HAL_Driver\Src\stm32f7xx_hal_gpio.o
                0x0800160a                HAL_GPIO_TogglePin
 *fill*         0x0800162e        0x2 
 .text.HAL_PWR_EnableBkUpAccess
                0x08001630       0x20 Drivers\STM32F7xx_HAL_Driver\Src\stm32f7xx_hal_pwr.o
                0x08001630                HAL_PWR_EnableBkUpAccess
 .text.HAL_PWREx_EnableOverDrive
                0x08001650       0xa0 Drivers\STM32F7xx_HAL_Driver\Src\stm32f7xx_hal_pwr_ex.o
                0x08001650                HAL_PWREx_EnableOverDrive
 .text.HAL_RCC_OscConfig
                0x080016f0      0x4e4 Drivers\STM32F7xx_HAL_Driver\Src\stm32f7xx_hal_rcc.o
                0x080016f0                HAL_RCC_OscConfig
 .text.HAL_RCC_ClockConfig
                0x08001bd4      0x1d0 Drivers\STM32F7xx_HAL_Driver\Src\stm32f7xx_hal_rcc.o
                0x08001bd4                HAL_RCC_ClockConfig
 .text.HAL_RCC_GetSysClockFreq
                0x08001da4      0x1b0 Drivers\STM32F7xx_HAL_Driver\Src\stm32f7xx_hal_rcc.o
                0x08001da4                HAL_RCC_GetSysClockFreq
 .text.HAL_RCC_GetHCLKFreq
                0x08001f54       0x18 Drivers\STM32F7xx_HAL_Driver\Src\stm32f7xx_hal_rcc.o
                0x08001f54                HAL_RCC_GetHCLKFreq
 .text.HAL_RCC_GetPCLK1Freq
                0x08001f6c       0x28 Drivers\STM32F7xx_HAL_Driver\Src\stm32f7xx_hal_rcc.o
                0x08001f6c                HAL_RCC_GetPCLK1Freq
 .text.HAL_RCC_GetPCLK2Freq
                0x08001f94       0x28 Drivers\STM32F7xx_HAL_Driver\Src\stm32f7xx_hal_rcc.o
                0x08001f94                HAL_RCC_GetPCLK2Freq
 .text.HAL_RCCEx_PeriphCLKConfig
                0x08001fbc      0x84c Drivers\STM32F7xx_HAL_Driver\Src\stm32f7xx_hal_rcc_ex.o
                0x08001fbc                HAL_RCCEx_PeriphCLKConfig
 .text.HAL_TIM_Base_Init
                0x08002808       0x56 Drivers\STM32F7xx_HAL_Driver\Src\stm32f7xx_hal_tim.o
                0x08002808                HAL_TIM_Base_Init
 .text.HAL_TIM_Base_Start
                0x0800285e       0x36 Drivers\STM32F7xx_HAL_Driver\Src\stm32f7xx_hal_tim.o
                0x0800285e                HAL_TIM_Base_Start
 .text.TIM_Base_SetConfig
                0x08002894      0x160 Drivers\STM32F7xx_HAL_Driver\Src\stm32f7xx_hal_tim.o
                0x08002894                TIM_Base_SetConfig
 .text.HAL_TIMEx_MasterConfigSynchronization
                0x080029f4       0xa8 Drivers\STM32F7xx_HAL_Driver\Src\stm32f7xx_hal_tim_ex.o
                0x080029f4                HAL_TIMEx_MasterConfigSynchronization
 .text.HAL_UART_Init
                0x08002a9c       0xa2 Drivers\STM32F7xx_HAL_Driver\Src\stm32f7xx_hal_uart.o
                0x08002a9c                HAL_UART_Init
 .text.HAL_UART_Transmit
                0x08002b3e      0x116 Drivers\STM32F7xx_HAL_Driver\Src\stm32f7xx_hal_uart.o
                0x08002b3e                HAL_UART_Transmit
 .text.UART_WaitOnFlagUntilTimeout
                0x08002c54       0x94 Drivers\STM32F7xx_HAL_Driver\Src\stm32f7xx_hal_uart.o
                0x08002c54                UART_WaitOnFlagUntilTimeout
 .text.UART_SetConfig
                0x08002ce8      0x4dc Drivers\STM32F7xx_HAL_Driver\Src\stm32f7xx_hal_uart.o
                0x08002ce8                UART_SetConfig
 .text.UART_AdvFeatureConfig
                0x080031c4      0x144 Drivers\STM32F7xx_HAL_Driver\Src\stm32f7xx_hal_uart.o
                0x080031c4                UART_AdvFeatureConfig
 .text.UART_CheckIdleState
                0x08003308       0x66 Drivers\STM32F7xx_HAL_Driver\Src\stm32f7xx_hal_uart.o
                0x08003308                UART_CheckIdleState
 *fill*         0x0800336e        0x2 
 .text.Reset_Handler
                0x08003370       0x50 startup\startup_stm32f767xx.o
                0x08003370                Reset_Handler
 .text.Default_Handler
                0x080033c0        0x2 startup\startup_stm32f767xx.o
                0x080033c0                RTC_Alarm_IRQHandler
                0x080033c0                EXTI2_IRQHandler
                0x080033c0                TIM8_CC_IRQHandler
                0x080033c0                UART8_IRQHandler
                0x080033c0                SPI4_IRQHandler
                0x080033c0                TIM1_CC_IRQHandler
                0x080033c0                DMA2_Stream5_IRQHandler
                0x080033c0                JPEG_IRQHandler
                0x080033c0                DMA1_Stream5_IRQHandler
                0x080033c0                CAN3_RX1_IRQHandler
                0x080033c0                PVD_IRQHandler
                0x080033c0                TAMP_STAMP_IRQHandler
                0x080033c0                CAN2_RX1_IRQHandler
                0x080033c0                EXTI3_IRQHandler
                0x080033c0                TIM8_TRG_COM_TIM14_IRQHandler
                0x080033c0                DFSDM1_FLT1_IRQHandler
                0x080033c0                TIM1_UP_TIM10_IRQHandler
                0x080033c0                TIM8_UP_TIM13_IRQHandler
                0x080033c0                I2C3_ER_IRQHandler
                0x080033c0                DFSDM1_FLT2_IRQHandler
                0x080033c0                EXTI0_IRQHandler
                0x080033c0                I2C2_EV_IRQHandler
                0x080033c0                DMA1_Stream2_IRQHandler
                0x080033c0                CAN1_RX0_IRQHandler
                0x080033c0                FPU_IRQHandler
                0x080033c0                OTG_HS_WKUP_IRQHandler
                0x080033c0                CAN3_SCE_IRQHandler
                0x080033c0                LTDC_ER_IRQHandler
                0x080033c0                CAN2_SCE_IRQHandler
                0x080033c0                DMA2_Stream2_IRQHandler
                0x080033c0                SPI1_IRQHandler
                0x080033c0                TIM6_DAC_IRQHandler
                0x080033c0                TIM1_BRK_TIM9_IRQHandler
                0x080033c0                DCMI_IRQHandler
                0x080033c0                CAN2_RX0_IRQHandler
                0x080033c0                DMA2_Stream3_IRQHandler
                0x080033c0                SAI2_IRQHandler
                0x080033c0                DFSDM1_FLT3_IRQHandler
                0x080033c0                USART6_IRQHandler
                0x080033c0                CAN3_RX0_IRQHandler
                0x080033c0                USART3_IRQHandler
                0x080033c0                CAN1_RX1_IRQHandler
                0x080033c0                UART5_IRQHandler
                0x080033c0                DMA2_Stream0_IRQHandler
                0x080033c0                TIM4_IRQHandler
                0x080033c0                QUADSPI_IRQHandler
                0x080033c0                I2C1_EV_IRQHandler
                0x080033c0                DMA1_Stream6_IRQHandler
                0x080033c0                DMA1_Stream1_IRQHandler
                0x080033c0                UART4_IRQHandler
                0x080033c0                TIM3_IRQHandler
                0x080033c0                RCC_IRQHandler
                0x080033c0                TIM8_BRK_TIM12_IRQHandler
                0x080033c0                Default_Handler
                0x080033c0                CEC_IRQHandler
                0x080033c0                EXTI15_10_IRQHandler
                0x080033c0                ADC_IRQHandler
                0x080033c0                DMA1_Stream7_IRQHandler
                0x080033c0                SPI5_IRQHandler
                0x080033c0                TIM7_IRQHandler
                0x080033c0                SDMMC1_IRQHandler
                0x080033c0                CAN2_TX_IRQHandler
                0x080033c0                TIM5_IRQHandler
                0x080033c0                DMA2_Stream7_IRQHandler
                0x080033c0                I2C3_EV_IRQHandler
                0x080033c0                EXTI9_5_IRQHandler
                0x080033c0                RTC_WKUP_IRQHandler
                0x080033c0                LTDC_IRQHandler
                0x080033c0                ETH_WKUP_IRQHandler
                0x080033c0                SPDIF_RX_IRQHandler
                0x080033c0                SPI2_IRQHandler
                0x080033c0                OTG_HS_EP1_IN_IRQHandler
                0x080033c0                DMA1_Stream0_IRQHandler
                0x080033c0                CAN1_TX_IRQHandler
                0x080033c0                EXTI4_IRQHandler
                0x080033c0                RNG_IRQHandler
                0x080033c0                ETH_IRQHandler
                0x080033c0                OTG_HS_EP1_OUT_IRQHandler
                0x080033c0                WWDG_IRQHandler
                0x080033c0                SPI6_IRQHandler
                0x080033c0                MDIOS_IRQHandler
                0x080033c0                I2C4_EV_IRQHandler
                0x080033c0                CAN3_TX_IRQHandler
                0x080033c0                TIM2_IRQHandler
                0x080033c0                OTG_FS_WKUP_IRQHandler
                0x080033c0                TIM1_TRG_COM_TIM11_IRQHandler
                0x080033c0                OTG_HS_IRQHandler
                0x080033c0                DMA2D_IRQHandler
                0x080033c0                EXTI1_IRQHandler
                0x080033c0                SDMMC2_IRQHandler
                0x080033c0                UART7_IRQHandler
                0x080033c0                USART2_IRQHandler
                0x080033c0                DFSDM1_FLT0_IRQHandler
                0x080033c0                I2C2_ER_IRQHandler
                0x080033c0                DMA2_Stream1_IRQHandler
                0x080033c0                CAN1_SCE_IRQHandler
                0x080033c0                FLASH_IRQHandler
                0x080033c0                DMA2_Stream4_IRQHandler
                0x080033c0                USART1_IRQHandler
                0x080033c0                OTG_FS_IRQHandler
                0x080033c0                SPI3_IRQHandler
                0x080033c0                DMA1_Stream4_IRQHandler
                0x080033c0                I2C1_ER_IRQHandler
                0x080033c0                FMC_IRQHandler
                0x080033c0                LPTIM1_IRQHandler
                0x080033c0                I2C4_ER_IRQHandler
                0x080033c0                DMA2_Stream6_IRQHandler
                0x080033c0                SAI1_IRQHandler
                0x080033c0                DMA1_Stream3_IRQHandler
 *fill*         0x080033c2        0x2 
 .text.__libc_init_array
                0x080033c4       0x48 c:/program files (x86)/atollic/truestudio for stm32 9.0.1/armtools/bin/../lib/gcc/arm-atollic-eabi/6.3.1/../../../../arm-atollic-eabi/lib/armv7e-m/fpu/fpv5-d16\libc_nano.a(lib_a-init.o)
                0x080033c4                __libc_init_array
 .text.memset   0x0800340c       0x10 c:/program files (x86)/atollic/truestudio for stm32 9.0.1/armtools/bin/../lib/gcc/arm-atollic-eabi/6.3.1/../../../../arm-atollic-eabi/lib/armv7e-m/fpu/fpv5-d16\libc_nano.a(lib_a-memset.o)
                0x0800340c                memset
 .text.sprintf  0x0800341c       0x48 c:/program files (x86)/atollic/truestudio for stm32 9.0.1/armtools/bin/../lib/gcc/arm-atollic-eabi/6.3.1/../../../../arm-atollic-eabi/lib/armv7e-m/fpu/fpv5-d16\libc_nano.a(lib_a-sprintf.o)
                0x0800341c                siprintf
                0x0800341c                sprintf
 .text.__ssputs_r
                0x08003464       0xb6 c:/program files (x86)/atollic/truestudio for stm32 9.0.1/armtools/bin/../lib/gcc/arm-atollic-eabi/6.3.1/../../../../arm-atollic-eabi/lib/armv7e-m/fpu/fpv5-d16\libc_nano.a(lib_a-nano-svfprintf.o)
                0x08003464                __ssputs_r
 *fill*         0x0800351a        0x2 
 .text._svfprintf_r
                0x0800351c      0x1e8 c:/program files (x86)/atollic/truestudio for stm32 9.0.1/armtools/bin/../lib/gcc/arm-atollic-eabi/6.3.1/../../../../arm-atollic-eabi/lib/armv7e-m/fpu/fpv5-d16\libc_nano.a(lib_a-nano-svfprintf.o)
                0x0800351c                _svfiprintf_r
                0x0800351c                _svfprintf_r
 .text._printf_common
                0x08003704       0xec c:/program files (x86)/atollic/truestudio for stm32 9.0.1/armtools/bin/../lib/gcc/arm-atollic-eabi/6.3.1/../../../../arm-atollic-eabi/lib/armv7e-m/fpu/fpv5-d16\libc_nano.a(lib_a-nano-vfprintf_i.o)
                0x08003704                _printf_common
 .text._printf_i
                0x080037f0      0x240 c:/program files (x86)/atollic/truestudio for stm32 9.0.1/armtools/bin/../lib/gcc/arm-atollic-eabi/6.3.1/../../../../arm-atollic-eabi/lib/armv7e-m/fpu/fpv5-d16\libc_nano.a(lib_a-nano-vfprintf_i.o)
                0x080037f0                _printf_i
 .text.memcpy   0x08003a30       0x16 c:/program files (x86)/atollic/truestudio for stm32 9.0.1/armtools/bin/../lib/gcc/arm-atollic-eabi/6.3.1/../../../../arm-atollic-eabi/lib/armv7e-m/fpu/fpv5-d16\libc_nano.a(lib_a-memcpy-stub.o)
                0x08003a30                memcpy
 .text.memmove  0x08003a46       0x34 c:/program files (x86)/atollic/truestudio for stm32 9.0.1/armtools/bin/../lib/gcc/arm-atollic-eabi/6.3.1/../../../../arm-atollic-eabi/lib/armv7e-m/fpu/fpv5-d16\libc_nano.a(lib_a-memmove.o)
                0x08003a46                memmove
 *fill*         0x08003a7a        0x2 
 .text._free_r  0x08003a7c       0x9c c:/program files (x86)/atollic/truestudio for stm32 9.0.1/armtools/bin/../lib/gcc/arm-atollic-eabi/6.3.1/../../../../arm-atollic-eabi/lib/armv7e-m/fpu/fpv5-d16\libc_nano.a(lib_a-nano-freer.o)
                0x08003a7c                _free_r
 .text._malloc_r
                0x08003b18       0xbc c:/program files (x86)/atollic/truestudio for stm32 9.0.1/armtools/bin/../lib/gcc/arm-atollic-eabi/6.3.1/../../../../arm-atollic-eabi/lib/armv7e-m/fpu/fpv5-d16\libc_nano.a(lib_a-nano-mallocr.o)
                0x08003b18                _malloc_r
 .text._realloc_r
                0x08003bd4       0x4c c:/program files (x86)/atollic/truestudio for stm32 9.0.1/armtools/bin/../lib/gcc/arm-atollic-eabi/6.3.1/../../../../arm-atollic-eabi/lib/armv7e-m/fpu/fpv5-d16\libc_nano.a(lib_a-nano-reallocr.o)
                0x08003bd4                _realloc_r
 .text._sbrk_r  0x08003c20       0x20 c:/program files (x86)/atollic/truestudio for stm32 9.0.1/armtools/bin/../lib/gcc/arm-atollic-eabi/6.3.1/../../../../arm-atollic-eabi/lib/armv7e-m/fpu/fpv5-d16\libc_nano.a(lib_a-sbrkr.o)
                0x08003c20                _sbrk_r
 .text.__malloc_lock
                0x08003c40        0x2 c:/program files (x86)/atollic/truestudio for stm32 9.0.1/armtools/bin/../lib/gcc/arm-atollic-eabi/6.3.1/../../../../arm-atollic-eabi/lib/armv7e-m/fpu/fpv5-d16\libc_nano.a(lib_a-mlock.o)
                0x08003c40                __malloc_lock
 .text.__malloc_unlock
                0x08003c42        0x2 c:/program files (x86)/atollic/truestudio for stm32 9.0.1/armtools/bin/../lib/gcc/arm-atollic-eabi/6.3.1/../../../../arm-atollic-eabi/lib/armv7e-m/fpu/fpv5-d16\libc_nano.a(lib_a-mlock.o)
                0x08003c42                __malloc_unlock
 .text._malloc_usable_size_r
                0x08003c44       0x12 c:/program files (x86)/atollic/truestudio for stm32 9.0.1/armtools/bin/../lib/gcc/arm-atollic-eabi/6.3.1/../../../../arm-atollic-eabi/lib/armv7e-m/fpu/fpv5-d16\libc_nano.a(lib_a-nano-msizer.o)
                0x08003c44                _malloc_usable_size_r
 *fill*         0x08003c56        0x2 
 .text._sbrk    0x08003c58       0x1c c:/program files (x86)/atollic/truestudio for stm32 9.0.1/armtools/bin/../lib/gcc/arm-atollic-eabi/6.3.1/../../../../arm-atollic-eabi/lib/armv7e-m/fpu/fpv5-d16\libnosys.a(sbrk.o)
                0x08003c58                _sbrk
 *(.glue_7)
 .glue_7        0x08003c74        0x0 linker stubs
 *(.glue_7t)
 .glue_7t       0x08003c74        0x0 linker stubs
 *(.eh_frame)
 .eh_frame      0x08003c74        0x0 c:/program files (x86)/atollic/truestudio for stm32 9.0.1/armtools/bin/../lib/gcc/arm-atollic-eabi/6.3.1/armv7e-m/fpu/fpv5-d16/crtbegin.o
 *(.init)
 .init          0x08003c74        0x4 c:/program files (x86)/atollic/truestudio for stm32 9.0.1/armtools/bin/../lib/gcc/arm-atollic-eabi/6.3.1/armv7e-m/fpu/fpv5-d16/crti.o
                0x08003c74                _init
 .init          0x08003c78        0x8 c:/program files (x86)/atollic/truestudio for stm32 9.0.1/armtools/bin/../lib/gcc/arm-atollic-eabi/6.3.1/armv7e-m/fpu/fpv5-d16/crtn.o
 *(.fini)
 .fini          0x08003c80        0x4 c:/program files (x86)/atollic/truestudio for stm32 9.0.1/armtools/bin/../lib/gcc/arm-atollic-eabi/6.3.1/armv7e-m/fpu/fpv5-d16/crti.o
                0x08003c80                _fini
 .fini          0x08003c84        0x8 c:/program files (x86)/atollic/truestudio for stm32 9.0.1/armtools/bin/../lib/gcc/arm-atollic-eabi/6.3.1/armv7e-m/fpu/fpv5-d16/crtn.o
                0x08003c8c                . = ALIGN (0x4)
                0x08003c8c                _etext = .

.vfp11_veneer   0x08003c8c        0x0
 .vfp11_veneer  0x08003c8c        0x0 linker stubs

.v4_bx          0x08003c8c        0x0
 .v4_bx         0x08003c8c        0x0 linker stubs

.iplt           0x08003c8c        0x0
 .iplt          0x08003c8c        0x0 c:/program files (x86)/atollic/truestudio for stm32 9.0.1/armtools/bin/../lib/gcc/arm-atollic-eabi/6.3.1/armv7e-m/fpu/fpv5-d16/crtbegin.o

.rodata         0x08003c8c       0x74
                0x08003c8c                . = ALIGN (0x4)
 *(.rodata)
 .rodata        0x08003c8c       0x27 Core\Src\main.o
 *(.rodata*)
 *fill*         0x08003cb3        0x1 
 .rodata.AHBPrescTable
                0x08003cb4       0x10 Core\Src\system_stm32f7xx.o
                0x08003cb4                AHBPrescTable
 .rodata.APBPrescTable
                0x08003cc4        0x8 Core\Src\system_stm32f7xx.o
                0x08003cc4                APBPrescTable
 .rodata._svfprintf_r.str1.1
                0x08003ccc       0x11 c:/program files (x86)/atollic/truestudio for stm32 9.0.1/armtools/bin/../lib/gcc/arm-atollic-eabi/6.3.1/../../../../arm-atollic-eabi/lib/armv7e-m/fpu/fpv5-d16\libc_nano.a(lib_a-nano-svfprintf.o)
 .rodata._printf_i.str1.1
                0x08003cdd       0x22 c:/program files (x86)/atollic/truestudio for stm32 9.0.1/armtools/bin/../lib/gcc/arm-atollic-eabi/6.3.1/../../../../arm-atollic-eabi/lib/armv7e-m/fpu/fpv5-d16\libc_nano.a(lib_a-nano-vfprintf_i.o)
                0x08003d00                . = ALIGN (0x4)
 *fill*         0x08003cff        0x1 

.ARM.extab
 *(.ARM.extab* .gnu.linkonce.armextab.*)

.ARM            0x08003d00        0x8
                0x08003d00                __exidx_start = .
 *(.ARM.exidx*)
 .ARM.exidx     0x08003d00        0x8 c:/program files (x86)/atollic/truestudio for stm32 9.0.1/armtools/bin/../lib/gcc/arm-atollic-eabi/6.3.1/armv7e-m/fpu/fpv5-d16\libgcc.a(_udivmoddi4.o)
                0x08003d08                __exidx_end = .

.rel.dyn        0x08003d08        0x0
 .rel.iplt      0x08003d08        0x0 c:/program files (x86)/atollic/truestudio for stm32 9.0.1/armtools/bin/../lib/gcc/arm-atollic-eabi/6.3.1/armv7e-m/fpu/fpv5-d16/crtbegin.o

.preinit_array  0x08003d08        0x0
                0x08003d08                PROVIDE (__preinit_array_start, .)
 *(.preinit_array*)
                0x08003d08                PROVIDE (__preinit_array_end, .)

.init_array     0x08003d08        0x4
                0x08003d08                PROVIDE (__init_array_start, .)
 *(SORT(.init_array.*))
 *(.init_array*)
 .init_array    0x08003d08        0x4 c:/program files (x86)/atollic/truestudio for stm32 9.0.1/armtools/bin/../lib/gcc/arm-atollic-eabi/6.3.1/armv7e-m/fpu/fpv5-d16/crtbegin.o
                0x08003d0c                PROVIDE (__init_array_end, .)

.fini_array     0x08003d0c        0x4
                [!provide]                PROVIDE (__fini_array_start, .)
 *(SORT(.fini_array.*))
 *(.fini_array*)
 .fini_array    0x08003d0c        0x4 c:/program files (x86)/atollic/truestudio for stm32 9.0.1/armtools/bin/../lib/gcc/arm-atollic-eabi/6.3.1/armv7e-m/fpu/fpv5-d16/crtbegin.o
                [!provide]                PROVIDE (__fini_array_end, .)
                0x08003d10                _sidata = LOADADDR (.data)

.data           0x20000000       0x70 load address 0x08003d10
                0x20000000                . = ALIGN (0x4)
                0x20000000                _sdata = .
 *(.data)
 *(.data*)
 .data.SystemCoreClock
                0x20000000        0x4 Core\Src\system_stm32f7xx.o
                0x20000000                SystemCoreClock
 .data.uwTickPrio
                0x20000004        0x4 Drivers\STM32F7xx_HAL_Driver\Src\stm32f7xx_hal.o
                0x20000004                uwTickPrio
 .data.uwTickFreq
                0x20000008        0x1 Drivers\STM32F7xx_HAL_Driver\Src\stm32f7xx_hal.o
                0x20000008                uwTickFreq
 *fill*         0x20000009        0x3 
 .data._impure_ptr
                0x2000000c        0x4 c:/program files (x86)/atollic/truestudio for stm32 9.0.1/armtools/bin/../lib/gcc/arm-atollic-eabi/6.3.1/../../../../arm-atollic-eabi/lib/armv7e-m/fpu/fpv5-d16\libc_nano.a(lib_a-impure.o)
                0x2000000c                _impure_ptr
 .data.impure_data
                0x20000010       0x60 c:/program files (x86)/atollic/truestudio for stm32 9.0.1/armtools/bin/../lib/gcc/arm-atollic-eabi/6.3.1/../../../../arm-atollic-eabi/lib/armv7e-m/fpu/fpv5-d16\libc_nano.a(lib_a-impure.o)
                0x20000070                . = ALIGN (0x4)
                0x20000070                _edata = .

.igot.plt       0x20000070        0x0 load address 0x08003d80
 .igot.plt      0x20000070        0x0 c:/program files (x86)/atollic/truestudio for stm32 9.0.1/armtools/bin/../lib/gcc/arm-atollic-eabi/6.3.1/armv7e-m/fpu/fpv5-d16/crtbegin.o
                0x20000070                . = ALIGN (0x4)

.bss            0x20000070      0x164 load address 0x08003d80
                0x20000070                _sbss = .
                0x20000070                __bss_start__ = _sbss
 *(.bss)
 .bss           0x20000070       0x1c c:/program files (x86)/atollic/truestudio for stm32 9.0.1/armtools/bin/../lib/gcc/arm-atollic-eabi/6.3.1/armv7e-m/fpu/fpv5-d16/crtbegin.o
 *(.bss*)
 .bss.__malloc_free_list
                0x2000008c        0x4 c:/program files (x86)/atollic/truestudio for stm32 9.0.1/armtools/bin/../lib/gcc/arm-atollic-eabi/6.3.1/../../../../arm-atollic-eabi/lib/armv7e-m/fpu/fpv5-d16\libc_nano.a(lib_a-nano-mallocr.o)
                0x2000008c                __malloc_free_list
 .bss.__malloc_sbrk_start
                0x20000090        0x4 c:/program files (x86)/atollic/truestudio for stm32 9.0.1/armtools/bin/../lib/gcc/arm-atollic-eabi/6.3.1/../../../../arm-atollic-eabi/lib/armv7e-m/fpu/fpv5-d16\libc_nano.a(lib_a-nano-mallocr.o)
                0x20000090                __malloc_sbrk_start
 .bss.heap_end.5239
                0x20000094        0x4 c:/program files (x86)/atollic/truestudio for stm32 9.0.1/armtools/bin/../lib/gcc/arm-atollic-eabi/6.3.1/../../../../arm-atollic-eabi/lib/armv7e-m/fpu/fpv5-d16\libnosys.a(sbrk.o)
 *(COMMON)
 COMMON         0x20000098      0x134 Core\Src\main.o
                0x20000098                huart3
                0x20000108                dhtVal
                0x2000010a                aa
                0x2000010c                htim6
                0x2000014c                sendData
 COMMON         0x200001cc        0x4 Drivers\STM32F7xx_HAL_Driver\Src\stm32f7xx_hal.o
                0x200001cc                uwTick
 COMMON         0x200001d0        0x4 c:/program files (x86)/atollic/truestudio for stm32 9.0.1/armtools/bin/../lib/gcc/arm-atollic-eabi/6.3.1/../../../../arm-atollic-eabi/lib/armv7e-m/fpu/fpv5-d16\libc_nano.a(lib_a-reent.o)
                0x200001d0                errno
                0x200001d4                . = ALIGN (0x4)
                0x200001d4                _ebss = .
                0x200001d4                __bss_end__ = _ebss

._user_heap_stack
                0x200001d4      0x600 load address 0x08003d80
                0x200001d4                . = ALIGN (0x4)
                0x200001d4                PROVIDE (end, .)
                [!provide]                PROVIDE (_end, .)
                0x200003d4                . = (. + _Min_Heap_Size)
 *fill*         0x200001d4      0x200 
                0x200007d4                . = (. + _Min_Stack_Size)
 *fill*         0x200003d4      0x400 
                0x200007d4                . = ALIGN (0x4)

/DISCARD/
 libc.a(*)
 libm.a(*)
 libgcc.a(*)

.ARM.attributes
                0x00000000       0x2e
 *(.ARM.attributes)
 .ARM.attributes
                0x00000000       0x20 c:/program files (x86)/atollic/truestudio for stm32 9.0.1/armtools/bin/../lib/gcc/arm-atollic-eabi/6.3.1/armv7e-m/fpu/fpv5-d16/crti.o
 .ARM.attributes
                0x00000020       0x32 c:/program files (x86)/atollic/truestudio for stm32 9.0.1/armtools/bin/../lib/gcc/arm-atollic-eabi/6.3.1/armv7e-m/fpu/fpv5-d16/crtbegin.o
 .ARM.attributes
                0x00000052       0x37 Core\Src\main.o
 .ARM.attributes
                0x00000089       0x37 Core\Src\stm32f7xx_hal_msp.o
 .ARM.attributes
                0x000000c0       0x37 Core\Src\stm32f7xx_it.o
 .ARM.attributes
                0x000000f7       0x37 Core\Src\system_stm32f7xx.o
 .ARM.attributes
                0x0000012e       0x37 Drivers\STM32F7xx_HAL_Driver\Src\stm32f7xx_hal.o
 .ARM.attributes
                0x00000165       0x37 Drivers\STM32F7xx_HAL_Driver\Src\stm32f7xx_hal_cortex.o
 .ARM.attributes
                0x0000019c       0x37 Drivers\STM32F7xx_HAL_Driver\Src\stm32f7xx_hal_gpio.o
 .ARM.attributes
                0x000001d3       0x37 Drivers\STM32F7xx_HAL_Driver\Src\stm32f7xx_hal_pwr.o
 .ARM.attributes
                0x0000020a       0x37 Drivers\STM32F7xx_HAL_Driver\Src\stm32f7xx_hal_pwr_ex.o
 .ARM.attributes
                0x00000241       0x37 Drivers\STM32F7xx_HAL_Driver\Src\stm32f7xx_hal_rcc.o
 .ARM.attributes
                0x00000278       0x37 Drivers\STM32F7xx_HAL_Driver\Src\stm32f7xx_hal_rcc_ex.o
 .ARM.attributes
                0x000002af       0x37 Drivers\STM32F7xx_HAL_Driver\Src\stm32f7xx_hal_tim.o
 .ARM.attributes
                0x000002e6       0x37 Drivers\STM32F7xx_HAL_Driver\Src\stm32f7xx_hal_tim_ex.o
 .ARM.attributes
                0x0000031d       0x37 Drivers\STM32F7xx_HAL_Driver\Src\stm32f7xx_hal_uart.o
 .ARM.attributes
                0x00000354       0x21 startup\startup_stm32f767xx.o
 .ARM.attributes
                0x00000375       0x32 c:/program files (x86)/atollic/truestudio for stm32 9.0.1/armtools/bin/../lib/gcc/arm-atollic-eabi/6.3.1/../../../../arm-atollic-eabi/lib/armv7e-m/fpu/fpv5-d16\libc_nano.a(lib_a-init.o)
 .ARM.attributes
                0x000003a7       0x32 c:/program files (x86)/atollic/truestudio for stm32 9.0.1/armtools/bin/../lib/gcc/arm-atollic-eabi/6.3.1/../../../../arm-atollic-eabi/lib/armv7e-m/fpu/fpv5-d16\libc_nano.a(lib_a-memset.o)
 .ARM.attributes
                0x000003d9       0x32 c:/program files (x86)/atollic/truestudio for stm32 9.0.1/armtools/bin/../lib/gcc/arm-atollic-eabi/6.3.1/../../../../arm-atollic-eabi/lib/armv7e-m/fpu/fpv5-d16\libc_nano.a(lib_a-sprintf.o)
 .ARM.attributes
                0x0000040b       0x32 c:/program files (x86)/atollic/truestudio for stm32 9.0.1/armtools/bin/../lib/gcc/arm-atollic-eabi/6.3.1/../../../../arm-atollic-eabi/lib/armv7e-m/fpu/fpv5-d16\libc_nano.a(lib_a-impure.o)
 .ARM.attributes
                0x0000043d       0x32 c:/program files (x86)/atollic/truestudio for stm32 9.0.1/armtools/bin/../lib/gcc/arm-atollic-eabi/6.3.1/../../../../arm-atollic-eabi/lib/armv7e-m/fpu/fpv5-d16\libc_nano.a(lib_a-nano-svfprintf.o)
 .ARM.attributes
                0x0000046f       0x32 c:/program files (x86)/atollic/truestudio for stm32 9.0.1/armtools/bin/../lib/gcc/arm-atollic-eabi/6.3.1/../../../../arm-atollic-eabi/lib/armv7e-m/fpu/fpv5-d16\libc_nano.a(lib_a-nano-vfprintf_i.o)
 .ARM.attributes
                0x000004a1       0x1e c:/program files (x86)/atollic/truestudio for stm32 9.0.1/armtools/bin/../lib/gcc/arm-atollic-eabi/6.3.1/../../../../arm-atollic-eabi/lib/armv7e-m/fpu/fpv5-d16\libc_nano.a(lib_a-memchr.o)
 .ARM.attributes
                0x000004bf       0x32 c:/program files (x86)/atollic/truestudio for stm32 9.0.1/armtools/bin/../lib/gcc/arm-atollic-eabi/6.3.1/../../../../arm-atollic-eabi/lib/armv7e-m/fpu/fpv5-d16\libc_nano.a(lib_a-memcpy-stub.o)
 .ARM.attributes
                0x000004f1       0x32 c:/program files (x86)/atollic/truestudio for stm32 9.0.1/armtools/bin/../lib/gcc/arm-atollic-eabi/6.3.1/../../../../arm-atollic-eabi/lib/armv7e-m/fpu/fpv5-d16\libc_nano.a(lib_a-memmove.o)
 .ARM.attributes
                0x00000523       0x32 c:/program files (x86)/atollic/truestudio for stm32 9.0.1/armtools/bin/../lib/gcc/arm-atollic-eabi/6.3.1/../../../../arm-atollic-eabi/lib/armv7e-m/fpu/fpv5-d16\libc_nano.a(lib_a-nano-freer.o)
 .ARM.attributes
                0x00000555       0x32 c:/program files (x86)/atollic/truestudio for stm32 9.0.1/armtools/bin/../lib/gcc/arm-atollic-eabi/6.3.1/../../../../arm-atollic-eabi/lib/armv7e-m/fpu/fpv5-d16\libc_nano.a(lib_a-nano-mallocr.o)
 .ARM.attributes
                0x00000587       0x32 c:/program files (x86)/atollic/truestudio for stm32 9.0.1/armtools/bin/../lib/gcc/arm-atollic-eabi/6.3.1/../../../../arm-atollic-eabi/lib/armv7e-m/fpu/fpv5-d16\libc_nano.a(lib_a-nano-reallocr.o)
 .ARM.attributes
                0x000005b9       0x32 c:/program files (x86)/atollic/truestudio for stm32 9.0.1/armtools/bin/../lib/gcc/arm-atollic-eabi/6.3.1/../../../../arm-atollic-eabi/lib/armv7e-m/fpu/fpv5-d16\libc_nano.a(lib_a-sbrkr.o)
 .ARM.attributes
                0x000005eb       0x32 c:/program files (x86)/atollic/truestudio for stm32 9.0.1/armtools/bin/../lib/gcc/arm-atollic-eabi/6.3.1/../../../../arm-atollic-eabi/lib/armv7e-m/fpu/fpv5-d16\libc_nano.a(lib_a-mlock.o)
 .ARM.attributes
                0x0000061d       0x32 c:/program files (x86)/atollic/truestudio for stm32 9.0.1/armtools/bin/../lib/gcc/arm-atollic-eabi/6.3.1/../../../../arm-atollic-eabi/lib/armv7e-m/fpu/fpv5-d16\libc_nano.a(lib_a-nano-msizer.o)
 .ARM.attributes
                0x0000064f       0x32 c:/program files (x86)/atollic/truestudio for stm32 9.0.1/armtools/bin/../lib/gcc/arm-atollic-eabi/6.3.1/../../../../arm-atollic-eabi/lib/armv7e-m/fpu/fpv5-d16\libc_nano.a(lib_a-reent.o)
 .ARM.attributes
                0x00000681       0x20 c:/program files (x86)/atollic/truestudio for stm32 9.0.1/armtools/bin/../lib/gcc/arm-atollic-eabi/6.3.1/armv7e-m/fpu/fpv5-d16\libgcc.a(_aeabi_uldivmod.o)
 .ARM.attributes
                0x000006a1       0x32 c:/program files (x86)/atollic/truestudio for stm32 9.0.1/armtools/bin/../lib/gcc/arm-atollic-eabi/6.3.1/armv7e-m/fpu/fpv5-d16\libgcc.a(_udivmoddi4.o)
 .ARM.attributes
                0x000006d3       0x20 c:/program files (x86)/atollic/truestudio for stm32 9.0.1/armtools/bin/../lib/gcc/arm-atollic-eabi/6.3.1/armv7e-m/fpu/fpv5-d16\libgcc.a(_dvmd_tls.o)
 .ARM.attributes
                0x000006f3       0x32 c:/program files (x86)/atollic/truestudio for stm32 9.0.1/armtools/bin/../lib/gcc/arm-atollic-eabi/6.3.1/../../../../arm-atollic-eabi/lib/armv7e-m/fpu/fpv5-d16\libnosys.a(sbrk.o)
 .ARM.attributes
                0x00000725       0x20 c:/program files (x86)/atollic/truestudio for stm32 9.0.1/armtools/bin/../lib/gcc/arm-atollic-eabi/6.3.1/armv7e-m/fpu/fpv5-d16/crtn.o
OUTPUT(f767-dht11.elf elf32-littlearm)

.debug_info     0x00000000    0x12a28
 .debug_info    0x00000000     0x1b95 Core\Src\main.o
 .debug_info    0x00001b95     0x1524 Core\Src\stm32f7xx_hal_msp.o
 .debug_info    0x000030b9      0x9c8 Core\Src\stm32f7xx_it.o
 .debug_info    0x00003a81      0xf00 Core\Src\system_stm32f7xx.o
 .debug_info    0x00004981     0x1234 Drivers\STM32F7xx_HAL_Driver\Src\stm32f7xx_hal.o
 .debug_info    0x00005bb5     0x1846 Drivers\STM32F7xx_HAL_Driver\Src\stm32f7xx_hal_cortex.o
 .debug_info    0x000073fb      0xfaa Drivers\STM32F7xx_HAL_Driver\Src\stm32f7xx_hal_gpio.o
 .debug_info    0x000083a5     0x1226 Drivers\STM32F7xx_HAL_Driver\Src\stm32f7xx_hal_pwr.o
 .debug_info    0x000095cb     0x1167 Drivers\STM32F7xx_HAL_Driver\Src\stm32f7xx_hal_pwr_ex.o
 .debug_info    0x0000a732     0x1148 Drivers\STM32F7xx_HAL_Driver\Src\stm32f7xx_hal_rcc.o
 .debug_info    0x0000b87a      0xf92 Drivers\STM32F7xx_HAL_Driver\Src\stm32f7xx_hal_rcc_ex.o
 .debug_info    0x0000c80c     0x2a7c Drivers\STM32F7xx_HAL_Driver\Src\stm32f7xx_hal_tim.o
 .debug_info    0x0000f288     0x1bae Drivers\STM32F7xx_HAL_Driver\Src\stm32f7xx_hal_tim_ex.o
 .debug_info    0x00010e36     0x1b77 Drivers\STM32F7xx_HAL_Driver\Src\stm32f7xx_hal_uart.o
 .debug_info    0x000129ad       0x7b startup\startup_stm32f767xx.o

.debug_abbrev   0x00000000     0x2255
 .debug_abbrev  0x00000000      0x2c3 Core\Src\main.o
 .debug_abbrev  0x000002c3      0x212 Core\Src\stm32f7xx_hal_msp.o
 .debug_abbrev  0x000004d5      0x190 Core\Src\stm32f7xx_it.o
 .debug_abbrev  0x00000665      0x1e6 Core\Src\system_stm32f7xx.o
 .debug_abbrev  0x0000084b      0x282 Drivers\STM32F7xx_HAL_Driver\Src\stm32f7xx_hal.o
 .debug_abbrev  0x00000acd      0x371 Drivers\STM32F7xx_HAL_Driver\Src\stm32f7xx_hal_cortex.o
 .debug_abbrev  0x00000e3e      0x24c Drivers\STM32F7xx_HAL_Driver\Src\stm32f7xx_hal_gpio.o
 .debug_abbrev  0x0000108a      0x248 Drivers\STM32F7xx_HAL_Driver\Src\stm32f7xx_hal_pwr.o
 .debug_abbrev  0x000012d2      0x28b Drivers\STM32F7xx_HAL_Driver\Src\stm32f7xx_hal_pwr_ex.o
 .debug_abbrev  0x0000155d      0x2eb Drivers\STM32F7xx_HAL_Driver\Src\stm32f7xx_hal_rcc.o
 .debug_abbrev  0x00001848      0x23f Drivers\STM32F7xx_HAL_Driver\Src\stm32f7xx_hal_rcc_ex.o
 .debug_abbrev  0x00001a87      0x280 Drivers\STM32F7xx_HAL_Driver\Src\stm32f7xx_hal_tim.o
 .debug_abbrev  0x00001d07      0x288 Drivers\STM32F7xx_HAL_Driver\Src\stm32f7xx_hal_tim_ex.o
 .debug_abbrev  0x00001f8f      0x2b4 Drivers\STM32F7xx_HAL_Driver\Src\stm32f7xx_hal_uart.o
 .debug_abbrev  0x00002243       0x12 startup\startup_stm32f767xx.o

.debug_aranges  0x00000000      0xc38
 .debug_aranges
                0x00000000       0x60 Core\Src\main.o
 .debug_aranges
                0x00000060       0x40 Core\Src\stm32f7xx_hal_msp.o
 .debug_aranges
                0x000000a0       0x60 Core\Src\stm32f7xx_it.o
 .debug_aranges
                0x00000100       0x28 Core\Src\system_stm32f7xx.o
 .debug_aranges
                0x00000128      0x110 Drivers\STM32F7xx_HAL_Driver\Src\stm32f7xx_hal.o
 .debug_aranges
                0x00000238      0x118 Drivers\STM32F7xx_HAL_Driver\Src\stm32f7xx_hal_cortex.o
 .debug_aranges
                0x00000350       0x58 Drivers\STM32F7xx_HAL_Driver\Src\stm32f7xx_hal_gpio.o
 .debug_aranges
                0x000003a8       0xa0 Drivers\STM32F7xx_HAL_Driver\Src\stm32f7xx_hal_pwr.o
 .debug_aranges
                0x00000448       0x80 Drivers\STM32F7xx_HAL_Driver\Src\stm32f7xx_hal_pwr_ex.o
 .debug_aranges
                0x000004c8       0x88 Drivers\STM32F7xx_HAL_Driver\Src\stm32f7xx_hal_rcc.o
 .debug_aranges
                0x00000550       0x50 Drivers\STM32F7xx_HAL_Driver\Src\stm32f7xx_hal_rcc_ex.o
 .debug_aranges
                0x000005a0      0x368 Drivers\STM32F7xx_HAL_Driver\Src\stm32f7xx_hal_tim.o
 .debug_aranges
                0x00000908      0x178 Drivers\STM32F7xx_HAL_Driver\Src\stm32f7xx_hal_tim_ex.o
 .debug_aranges
                0x00000a80      0x190 Drivers\STM32F7xx_HAL_Driver\Src\stm32f7xx_hal_uart.o
 .debug_aranges
                0x00000c10       0x28 startup\startup_stm32f767xx.o

.debug_ranges   0x00000000      0xb50
 .debug_ranges  0x00000000       0x50 Core\Src\main.o
 .debug_ranges  0x00000050       0x30 Core\Src\stm32f7xx_hal_msp.o
 .debug_ranges  0x00000080       0x50 Core\Src\stm32f7xx_it.o
 .debug_ranges  0x000000d0       0x18 Core\Src\system_stm32f7xx.o
 .debug_ranges  0x000000e8      0x100 Drivers\STM32F7xx_HAL_Driver\Src\stm32f7xx_hal.o
 .debug_ranges  0x000001e8      0x108 Drivers\STM32F7xx_HAL_Driver\Src\stm32f7xx_hal_cortex.o
 .debug_ranges  0x000002f0       0x48 Drivers\STM32F7xx_HAL_Driver\Src\stm32f7xx_hal_gpio.o
 .debug_ranges  0x00000338       0x90 Drivers\STM32F7xx_HAL_Driver\Src\stm32f7xx_hal_pwr.o
 .debug_ranges  0x000003c8       0x70 Drivers\STM32F7xx_HAL_Driver\Src\stm32f7xx_hal_pwr_ex.o
 .debug_ranges  0x00000438       0x78 Drivers\STM32F7xx_HAL_Driver\Src\stm32f7xx_hal_rcc.o
 .debug_ranges  0x000004b0       0x40 Drivers\STM32F7xx_HAL_Driver\Src\stm32f7xx_hal_rcc_ex.o
 .debug_ranges  0x000004f0      0x358 Drivers\STM32F7xx_HAL_Driver\Src\stm32f7xx_hal_tim.o
 .debug_ranges  0x00000848      0x168 Drivers\STM32F7xx_HAL_Driver\Src\stm32f7xx_hal_tim_ex.o
 .debug_ranges  0x000009b0      0x180 Drivers\STM32F7xx_HAL_Driver\Src\stm32f7xx_hal_uart.o
 .debug_ranges  0x00000b30       0x20 startup\startup_stm32f767xx.o

.debug_line     0x00000000     0x5b8d
 .debug_line    0x00000000      0x53c Core\Src\main.o
 .debug_line    0x0000053c      0x338 Core\Src\stm32f7xx_hal_msp.o
 .debug_line    0x00000874      0x2cb Core\Src\stm32f7xx_it.o
 .debug_line    0x00000b3f      0x273 Core\Src\system_stm32f7xx.o
 .debug_line    0x00000db2      0x4eb Drivers\STM32F7xx_HAL_Driver\Src\stm32f7xx_hal.o
 .debug_line    0x0000129d      0x5c9 Drivers\STM32F7xx_HAL_Driver\Src\stm32f7xx_hal_cortex.o
 .debug_line    0x00001866      0x4c0 Drivers\STM32F7xx_HAL_Driver\Src\stm32f7xx_hal_gpio.o
 .debug_line    0x00001d26      0x43a Drivers\STM32F7xx_HAL_Driver\Src\stm32f7xx_hal_pwr.o
 .debug_line    0x00002160      0x400 Drivers\STM32F7xx_HAL_Driver\Src\stm32f7xx_hal_pwr_ex.o
 .debug_line    0x00002560      0x591 Drivers\STM32F7xx_HAL_Driver\Src\stm32f7xx_hal_rcc.o
 .debug_line    0x00002af1      0x4e3 Drivers\STM32F7xx_HAL_Driver\Src\stm32f7xx_hal_rcc_ex.o
 .debug_line    0x00002fd4     0x14e2 Drivers\STM32F7xx_HAL_Driver\Src\stm32f7xx_hal_tim.o
 .debug_line    0x000044b6      0xa51 Drivers\STM32F7xx_HAL_Driver\Src\stm32f7xx_hal_tim_ex.o
 .debug_line    0x00004f07      0xc07 Drivers\STM32F7xx_HAL_Driver\Src\stm32f7xx_hal_uart.o
 .debug_line    0x00005b0e       0x7f startup\startup_stm32f767xx.o

.debug_str      0x00000000     0x43a2
 .debug_str     0x00000000     0x12de Core\Src\main.o
                               0x13eb (size before relaxing)
 .debug_str     0x000012de       0x8c Core\Src\stm32f7xx_hal_msp.o
                                0xefd (size before relaxing)
 .debug_str     0x0000136a       0xab Core\Src\stm32f7xx_it.o
                                0x6d0 (size before relaxing)
 .debug_str     0x00001415      0x178 Core\Src\system_stm32f7xx.o
                                0x8b6 (size before relaxing)
 .debug_str     0x0000158d      0x9e6 Drivers\STM32F7xx_HAL_Driver\Src\stm32f7xx_hal.o
                               0x1168 (size before relaxing)
 .debug_str     0x00001f73      0x3b6 Drivers\STM32F7xx_HAL_Driver\Src\stm32f7xx_hal_cortex.o
                               0x12b0 (size before relaxing)
 .debug_str     0x00002329      0x127 Drivers\STM32F7xx_HAL_Driver\Src\stm32f7xx_hal_gpio.o
                                0x984 (size before relaxing)
 .debug_str     0x00002450      0x22a Drivers\STM32F7xx_HAL_Driver\Src\stm32f7xx_hal_pwr.o
                                0xad6 (size before relaxing)
 .debug_str     0x0000267a      0x1e4 Drivers\STM32F7xx_HAL_Driver\Src\stm32f7xx_hal_pwr_ex.o
                                0xad3 (size before relaxing)
 .debug_str     0x0000285e      0x1d8 Drivers\STM32F7xx_HAL_Driver\Src\stm32f7xx_hal_rcc.o
                                0xb44 (size before relaxing)
 .debug_str     0x00002a36      0x161 Drivers\STM32F7xx_HAL_Driver\Src\stm32f7xx_hal_rcc_ex.o
                                0xbb4 (size before relaxing)
 .debug_str     0x00002b97      0xcdd Drivers\STM32F7xx_HAL_Driver\Src\stm32f7xx_hal_tim.o
                               0x180d (size before relaxing)
 .debug_str     0x00003874      0x60d Drivers\STM32F7xx_HAL_Driver\Src\stm32f7xx_hal_tim_ex.o
                               0x1306 (size before relaxing)
 .debug_str     0x00003e81      0x521 Drivers\STM32F7xx_HAL_Driver\Src\stm32f7xx_hal_uart.o
                               0x1218 (size before relaxing)

.comment        0x00000000       0x7c
 .comment       0x00000000       0x7c Core\Src\main.o
                                 0x7d (size before relaxing)
 .comment       0x0000007c       0x7d Core\Src\stm32f7xx_hal_msp.o
 .comment       0x0000007c       0x7d Core\Src\stm32f7xx_it.o
 .comment       0x0000007c       0x7d Core\Src\system_stm32f7xx.o
 .comment       0x0000007c       0x7d Drivers\STM32F7xx_HAL_Driver\Src\stm32f7xx_hal.o
 .comment       0x0000007c       0x7d Drivers\STM32F7xx_HAL_Driver\Src\stm32f7xx_hal_cortex.o
 .comment       0x0000007c       0x7d Drivers\STM32F7xx_HAL_Driver\Src\stm32f7xx_hal_gpio.o
 .comment       0x0000007c       0x7d Drivers\STM32F7xx_HAL_Driver\Src\stm32f7xx_hal_pwr.o
 .comment       0x0000007c       0x7d Drivers\STM32F7xx_HAL_Driver\Src\stm32f7xx_hal_pwr_ex.o
 .comment       0x0000007c       0x7d Drivers\STM32F7xx_HAL_Driver\Src\stm32f7xx_hal_rcc.o
 .comment       0x0000007c       0x7d Drivers\STM32F7xx_HAL_Driver\Src\stm32f7xx_hal_rcc_ex.o
 .comment       0x0000007c       0x7d Drivers\STM32F7xx_HAL_Driver\Src\stm32f7xx_hal_tim.o
 .comment       0x0000007c       0x7d Drivers\STM32F7xx_HAL_Driver\Src\stm32f7xx_hal_tim_ex.o
 .comment       0x0000007c       0x7d Drivers\STM32F7xx_HAL_Driver\Src\stm32f7xx_hal_uart.o

.debug_frame    0x00000000     0x35c8
 .debug_frame   0x00000000      0x154 Core\Src\main.o
 .debug_frame   0x00000154       0xd0 Core\Src\stm32f7xx_hal_msp.o
 .debug_frame   0x00000224      0x10c Core\Src\stm32f7xx_it.o
 .debug_frame   0x00000330       0x58 Core\Src\system_stm32f7xx.o
 .debug_frame   0x00000388      0x3f4 Drivers\STM32F7xx_HAL_Driver\Src\stm32f7xx_hal.o
 .debug_frame   0x0000077c      0x498 Drivers\STM32F7xx_HAL_Driver\Src\stm32f7xx_hal_cortex.o
 .debug_frame   0x00000c14      0x14c Drivers\STM32F7xx_HAL_Driver\Src\stm32f7xx_hal_gpio.o
 .debug_frame   0x00000d60      0x254 Drivers\STM32F7xx_HAL_Driver\Src\stm32f7xx_hal_pwr.o
 .debug_frame   0x00000fb4      0x1c8 Drivers\STM32F7xx_HAL_Driver\Src\stm32f7xx_hal_pwr_ex.o
 .debug_frame   0x0000117c      0x1fc Drivers\STM32F7xx_HAL_Driver\Src\stm32f7xx_hal_rcc.o
 .debug_frame   0x00001378      0x118 Drivers\STM32F7xx_HAL_Driver\Src\stm32f7xx_hal_rcc_ex.o
 .debug_frame   0x00001490      0xfb4 Drivers\STM32F7xx_HAL_Driver\Src\stm32f7xx_hal_tim.o
 .debug_frame   0x00002444      0x684 Drivers\STM32F7xx_HAL_Driver\Src\stm32f7xx_hal_tim_ex.o
 .debug_frame   0x00002ac8      0x70c Drivers\STM32F7xx_HAL_Driver\Src\stm32f7xx_hal_uart.o
 .debug_frame   0x000031d4       0x2c c:/program files (x86)/atollic/truestudio for stm32 9.0.1/armtools/bin/../lib/gcc/arm-atollic-eabi/6.3.1/../../../../arm-atollic-eabi/lib/armv7e-m/fpu/fpv5-d16\libc_nano.a(lib_a-init.o)
 .debug_frame   0x00003200       0x20 c:/program files (x86)/atollic/truestudio for stm32 9.0.1/armtools/bin/../lib/gcc/arm-atollic-eabi/6.3.1/../../../../arm-atollic-eabi/lib/armv7e-m/fpu/fpv5-d16\libc_nano.a(lib_a-memset.o)
 .debug_frame   0x00003220       0x70 c:/program files (x86)/atollic/truestudio for stm32 9.0.1/armtools/bin/../lib/gcc/arm-atollic-eabi/6.3.1/../../../../arm-atollic-eabi/lib/armv7e-m/fpu/fpv5-d16\libc_nano.a(lib_a-sprintf.o)
 .debug_frame   0x00003290       0x90 c:/program files (x86)/atollic/truestudio for stm32 9.0.1/armtools/bin/../lib/gcc/arm-atollic-eabi/6.3.1/../../../../arm-atollic-eabi/lib/armv7e-m/fpu/fpv5-d16\libc_nano.a(lib_a-nano-svfprintf.o)
 .debug_frame   0x00003320       0x60 c:/program files (x86)/atollic/truestudio for stm32 9.0.1/armtools/bin/../lib/gcc/arm-atollic-eabi/6.3.1/../../../../arm-atollic-eabi/lib/armv7e-m/fpu/fpv5-d16\libc_nano.a(lib_a-nano-vfprintf_i.o)
 .debug_frame   0x00003380       0x28 c:/program files (x86)/atollic/truestudio for stm32 9.0.1/armtools/bin/../lib/gcc/arm-atollic-eabi/6.3.1/../../../../arm-atollic-eabi/lib/armv7e-m/fpu/fpv5-d16\libc_nano.a(lib_a-memcpy-stub.o)
 .debug_frame   0x000033a8       0x28 c:/program files (x86)/atollic/truestudio for stm32 9.0.1/armtools/bin/../lib/gcc/arm-atollic-eabi/6.3.1/../../../../arm-atollic-eabi/lib/armv7e-m/fpu/fpv5-d16\libc_nano.a(lib_a-memmove.o)
 .debug_frame   0x000033d0       0x38 c:/program files (x86)/atollic/truestudio for stm32 9.0.1/armtools/bin/../lib/gcc/arm-atollic-eabi/6.3.1/../../../../arm-atollic-eabi/lib/armv7e-m/fpu/fpv5-d16\libc_nano.a(lib_a-nano-freer.o)
 .debug_frame   0x00003408       0x2c c:/program files (x86)/atollic/truestudio for stm32 9.0.1/armtools/bin/../lib/gcc/arm-atollic-eabi/6.3.1/../../../../arm-atollic-eabi/lib/armv7e-m/fpu/fpv5-d16\libc_nano.a(lib_a-nano-mallocr.o)
 .debug_frame   0x00003434       0x3c c:/program files (x86)/atollic/truestudio for stm32 9.0.1/armtools/bin/../lib/gcc/arm-atollic-eabi/6.3.1/../../../../arm-atollic-eabi/lib/armv7e-m/fpu/fpv5-d16\libc_nano.a(lib_a-nano-reallocr.o)
 .debug_frame   0x00003470       0x2c c:/program files (x86)/atollic/truestudio for stm32 9.0.1/armtools/bin/../lib/gcc/arm-atollic-eabi/6.3.1/../../../../arm-atollic-eabi/lib/armv7e-m/fpu/fpv5-d16\libc_nano.a(lib_a-sbrkr.o)
 .debug_frame   0x0000349c       0x30 c:/program files (x86)/atollic/truestudio for stm32 9.0.1/armtools/bin/../lib/gcc/arm-atollic-eabi/6.3.1/../../../../arm-atollic-eabi/lib/armv7e-m/fpu/fpv5-d16\libc_nano.a(lib_a-mlock.o)
 .debug_frame   0x000034cc       0x20 c:/program files (x86)/atollic/truestudio for stm32 9.0.1/armtools/bin/../lib/gcc/arm-atollic-eabi/6.3.1/../../../../arm-atollic-eabi/lib/armv7e-m/fpu/fpv5-d16\libc_nano.a(lib_a-nano-msizer.o)
 .debug_frame   0x000034ec       0x5c c:/program files (x86)/atollic/truestudio for stm32 9.0.1/armtools/bin/../lib/gcc/arm-atollic-eabi/6.3.1/../../../../arm-atollic-eabi/lib/armv7e-m/fpu/fpv5-d16\libc_nano.a(lib_a-reent.o)
 .debug_frame   0x00003548       0x2c c:/program files (x86)/atollic/truestudio for stm32 9.0.1/armtools/bin/../lib/gcc/arm-atollic-eabi/6.3.1/armv7e-m/fpu/fpv5-d16\libgcc.a(_aeabi_uldivmod.o)
 .debug_frame   0x00003574       0x34 c:/program files (x86)/atollic/truestudio for stm32 9.0.1/armtools/bin/../lib/gcc/arm-atollic-eabi/6.3.1/armv7e-m/fpu/fpv5-d16\libgcc.a(_udivmoddi4.o)
 .debug_frame   0x000035a8       0x20 c:/program files (x86)/atollic/truestudio for stm32 9.0.1/armtools/bin/../lib/gcc/arm-atollic-eabi/6.3.1/../../../../arm-atollic-eabi/lib/armv7e-m/fpu/fpv5-d16\libnosys.a(sbrk.o)
