stm32f7xx_hal_pwr.c:116:6:HAL_PWR_DeInit	4	static
stm32f7xx_hal_pwr.c:129:6:HAL_PWR_EnableBkUpAccess	4	static
stm32f7xx_hal_pwr.c:142:6:HAL_PWR_DisableBkUpAccess	4	static
stm32f7xx_hal_pwr.c:276:6:HAL_PWR_ConfigPVD	16	static
stm32f7xx_hal_pwr.c:319:6:HAL_PWR_EnablePVD	4	static
stm32f7xx_hal_pwr.c:329:6:HAL_PWR_DisablePVD	4	static
stm32f7xx_hal_pwr.c:352:6:HAL_PWR_EnableWakeUpPin	16	static
stm32f7xx_hal_pwr.c:376:6:HAL_PWR_DisableWakeUpPin	16	static
stm32f7xx_hal_pwr.c:403:6:HAL_PWR_EnterSLEEPMode	16	static
stm32f7xx_hal_pwr.c:450:6:HAL_PWR_EnterSTOPMode	24	static
stm32f7xx_hal_pwr.c:503:6:HAL_PWR_EnterSTANDBYMode	4	static
stm32f7xx_hal_pwr.c:524:6:HAL_PWR_PVD_IRQHandler	8	static
stm32f7xx_hal_pwr.c:541:13:HAL_PWR_PVDCallback	4	static
stm32f7xx_hal_pwr.c:556:6:HAL_PWR_EnableSleepOnExit	4	static
stm32f7xx_hal_pwr.c:568:6:HAL_PWR_DisableSleepOnExit	4	static
stm32f7xx_hal_pwr.c:580:6:HAL_PWR_EnableSEVOnPend	4	static
stm32f7xx_hal_pwr.c:592:6:HAL_PWR_DisableSEVOnPend	4	static
